Archive member included to satisfy reference by file (symbol)

C:/ST/STM32CubeIDE_1.18.1/STM32CubeIDE/plugins/com.st.stm32cube.ide.mcu.externaltools.gnu-tools-for-stm32.13.3.rel1.win32_1.0.0.202411081344/tools/bin/../lib/gcc/arm-none-eabi/13.3.1/../../../../arm-none-eabi/lib/thumb/v6-m/nofp\libc_nano.a(libc_a-exit.o)
                              C:/ST/STM32CubeIDE_1.18.1/STM32CubeIDE/plugins/com.st.stm32cube.ide.mcu.externaltools.gnu-tools-for-stm32.13.3.rel1.win32_1.0.0.202411081344/tools/bin/../lib/gcc/arm-none-eabi/13.3.1/../../../../arm-none-eabi/lib/thumb/v6-m/nofp/crt0.o (exit)
C:/ST/STM32CubeIDE_1.18.1/STM32CubeIDE/plugins/com.st.stm32cube.ide.mcu.externaltools.gnu-tools-for-stm32.13.3.rel1.win32_1.0.0.202411081344/tools/bin/../lib/gcc/arm-none-eabi/13.3.1/../../../../arm-none-eabi/lib/thumb/v6-m/nofp\libc_nano.a(libc_a-findfp.o)
                              C:/ST/STM32CubeIDE_1.18.1/STM32CubeIDE/plugins/com.st.stm32cube.ide.mcu.externaltools.gnu-tools-for-stm32.13.3.rel1.win32_1.0.0.202411081344/tools/bin/../lib/gcc/arm-none-eabi/13.3.1/../../../../arm-none-eabi/lib/thumb/v6-m/nofp\libc_nano.a(libc_a-exit.o) (__stdio_exit_handler)
C:/ST/STM32CubeIDE_1.18.1/STM32CubeIDE/plugins/com.st.stm32cube.ide.mcu.externaltools.gnu-tools-for-stm32.13.3.rel1.win32_1.0.0.202411081344/tools/bin/../lib/gcc/arm-none-eabi/13.3.1/../../../../arm-none-eabi/lib/thumb/v6-m/nofp\libc_nano.a(libc_a-fwalk.o)
                              C:/ST/STM32CubeIDE_1.18.1/STM32CubeIDE/plugins/com.st.stm32cube.ide.mcu.externaltools.gnu-tools-for-stm32.13.3.rel1.win32_1.0.0.202411081344/tools/bin/../lib/gcc/arm-none-eabi/13.3.1/../../../../arm-none-eabi/lib/thumb/v6-m/nofp\libc_nano.a(libc_a-findfp.o) (_fwalk_sglue)
C:/ST/STM32CubeIDE_1.18.1/STM32CubeIDE/plugins/com.st.stm32cube.ide.mcu.externaltools.gnu-tools-for-stm32.13.3.rel1.win32_1.0.0.202411081344/tools/bin/../lib/gcc/arm-none-eabi/13.3.1/../../../../arm-none-eabi/lib/thumb/v6-m/nofp\libc_nano.a(libc_a-stdio.o)
                              C:/ST/STM32CubeIDE_1.18.1/STM32CubeIDE/plugins/com.st.stm32cube.ide.mcu.externaltools.gnu-tools-for-stm32.13.3.rel1.win32_1.0.0.202411081344/tools/bin/../lib/gcc/arm-none-eabi/13.3.1/../../../../arm-none-eabi/lib/thumb/v6-m/nofp\libc_nano.a(libc_a-findfp.o) (__sread)
C:/ST/STM32CubeIDE_1.18.1/STM32CubeIDE/plugins/com.st.stm32cube.ide.mcu.externaltools.gnu-tools-for-stm32.13.3.rel1.win32_1.0.0.202411081344/tools/bin/../lib/gcc/arm-none-eabi/13.3.1/../../../../arm-none-eabi/lib/thumb/v6-m/nofp\libc_nano.a(libc_a-memset.o)
                              C:/ST/STM32CubeIDE_1.18.1/STM32CubeIDE/plugins/com.st.stm32cube.ide.mcu.externaltools.gnu-tools-for-stm32.13.3.rel1.win32_1.0.0.202411081344/tools/bin/../lib/gcc/arm-none-eabi/13.3.1/../../../../arm-none-eabi/lib/thumb/v6-m/nofp/crt0.o (memset)
C:/ST/STM32CubeIDE_1.18.1/STM32CubeIDE/plugins/com.st.stm32cube.ide.mcu.externaltools.gnu-tools-for-stm32.13.3.rel1.win32_1.0.0.202411081344/tools/bin/../lib/gcc/arm-none-eabi/13.3.1/../../../../arm-none-eabi/lib/thumb/v6-m/nofp\libc_nano.a(libc_a-closer.o)
                              C:/ST/STM32CubeIDE_1.18.1/STM32CubeIDE/plugins/com.st.stm32cube.ide.mcu.externaltools.gnu-tools-for-stm32.13.3.rel1.win32_1.0.0.202411081344/tools/bin/../lib/gcc/arm-none-eabi/13.3.1/../../../../arm-none-eabi/lib/thumb/v6-m/nofp\libc_nano.a(libc_a-stdio.o) (_close_r)
C:/ST/STM32CubeIDE_1.18.1/STM32CubeIDE/plugins/com.st.stm32cube.ide.mcu.externaltools.gnu-tools-for-stm32.13.3.rel1.win32_1.0.0.202411081344/tools/bin/../lib/gcc/arm-none-eabi/13.3.1/../../../../arm-none-eabi/lib/thumb/v6-m/nofp\libc_nano.a(libc_a-reent.o)
                              C:/ST/STM32CubeIDE_1.18.1/STM32CubeIDE/plugins/com.st.stm32cube.ide.mcu.externaltools.gnu-tools-for-stm32.13.3.rel1.win32_1.0.0.202411081344/tools/bin/../lib/gcc/arm-none-eabi/13.3.1/../../../../arm-none-eabi/lib/thumb/v6-m/nofp\libc_nano.a(libc_a-closer.o) (errno)
C:/ST/STM32CubeIDE_1.18.1/STM32CubeIDE/plugins/com.st.stm32cube.ide.mcu.externaltools.gnu-tools-for-stm32.13.3.rel1.win32_1.0.0.202411081344/tools/bin/../lib/gcc/arm-none-eabi/13.3.1/../../../../arm-none-eabi/lib/thumb/v6-m/nofp\libc_nano.a(libc_a-impure.o)
                              C:/ST/STM32CubeIDE_1.18.1/STM32CubeIDE/plugins/com.st.stm32cube.ide.mcu.externaltools.gnu-tools-for-stm32.13.3.rel1.win32_1.0.0.202411081344/tools/bin/../lib/gcc/arm-none-eabi/13.3.1/../../../../arm-none-eabi/lib/thumb/v6-m/nofp\libc_nano.a(libc_a-reent.o) (_impure_ptr)
C:/ST/STM32CubeIDE_1.18.1/STM32CubeIDE/plugins/com.st.stm32cube.ide.mcu.externaltools.gnu-tools-for-stm32.13.3.rel1.win32_1.0.0.202411081344/tools/bin/../lib/gcc/arm-none-eabi/13.3.1/../../../../arm-none-eabi/lib/thumb/v6-m/nofp\libc_nano.a(libc_a-lseekr.o)
[...]
Memory Configuration

Name             Origin             Length             Attributes
RAM              0x20000000         0x00002000         xrw
FLASH            0x08000000         0x00010000         xr
*default*        0x00000000         0xffffffff

Linker script and memory map

LOAD C:/ST/STM32CubeIDE_1.18.1/STM32CubeIDE/plugins/com.st.stm32cube.ide.mcu.externaltools.gnu-tools-for-stm32.13.3.rel1.win32_1.0.0.202411081344/tools/bin/../lib/gcc/arm-none-eabi/13.3.1/thumb/v6-m/nofp/crti.o
LOAD C:/ST/STM32CubeIDE_1.18.1/STM32CubeIDE/plugins/com.st.stm32cube.ide.mcu.externaltools.gnu-tools-for-stm32.13.3.rel1.win32_1.0.0.202411081344/tools/bin/../lib/gcc/arm-none-eabi/13.3.1/thumb/v6-m/nofp/crtbegin.o
LOAD C:/ST/STM32CubeIDE_1.18.1/STM32CubeIDE/plugins/com.st.stm32cube.ide.mcu.externaltools.gnu-tools-for-stm32.13.3.rel1.win32_1.0.0.202411081344/tools/bin/../lib/gcc/arm-none-eabi/13.3.1/../../../../arm-none-eabi/lib/thumb/v6-m/nofp/crt0.o
LOAD ./Core/Src/dma.o
LOAD ./Core/Src/gpio.o
LOAD ./Core/Src/main.o
LOAD ./Core/Src/stm32g0xx_hal_msp.o
LOAD ./Core/Src/stm32g0xx_it.o
LOAD ./Core/Src/syscalls.o
LOAD ./Core/Src/sysmem.o
LOAD ./Core/Src/system_stm32g0xx.o
LOAD ./Core/Src/tim.o
LOAD ./Core/Src/effects/color_utils.o
LOAD ./Core/Src/effects/led_driver.o
LOAD ./Core/Src/effects/led_effect_blink.o
LOAD ./Core/Src/effects/led_effect_breathe.o
LOAD ./Core/Src/effects/led_effect_chase_left.o
LOAD ./Core/Src/effects/led_effect_chase_right.o
LOAD ./Core/Src/effects/led_effect_config_mode.o
LOAD ./Core/Src/effects/led_effect_engine.o
LOAD ./Core/Src/effects/led_effect_flash_alt.o
LOAD ./Core/Src/effects/led_effect_single_led.o
LOAD ./Core/Src/effects/led_effect_solid.o
LOAD ./Core/Src/logic/logic_config.o
LOAD ./Core/Src/logic/logic_door_control.o
LOAD ./Core/Src/logic/logic_engine.o
LOAD ./Core/Src/logic/logic_timer_switch.o
LOAD ./Core/Src/logic/logic_toggle.o
LOAD ./Core/Src/sounds/piezo_driver.o
LOAD ./Core/Src/sounds/sound_beep.o
LOAD ./Core/Src/sounds/sound_config_mode.o
LOAD ./Core/Src/sounds/sound_double_beep.o
LOAD ./Core/Src/sounds/sound_engine.o
LOAD ./Core/Startup/startup_stm32g031g8ux.o
LOAD ./Drivers/STM32G0xx_HAL_Driver/Src/stm32g0xx_hal.o
LOAD ./Drivers/STM32G0xx_HAL_Driver/Src/stm32g0xx_hal_cortex.o
LOAD ./Drivers/STM32G0xx_HAL_Driver/Src/stm32g0xx_hal_dma.o
LOAD ./Drivers/STM32G0xx_HAL_Driver/Src/stm32g0xx_hal_dma_ex.o
LOAD ./Drivers/STM32G0xx_HAL_Driver/Src/stm32g0xx_hal_exti.o
LOAD ./Drivers/STM32G0xx_HAL_Driver/Src/stm32g0xx_hal_flash.o
LOAD ./Drivers/STM32G0xx_HAL_Driver/Src/stm32g0xx_hal_flash_ex.o
LOAD ./Drivers/STM32G0xx_HAL_Driver/Src/stm32g0xx_hal_gpio.o
LOAD ./Drivers/STM32G0xx_HAL_Driver/Src/stm32g0xx_hal_pwr.o
LOAD ./Drivers/STM32G0xx_HAL_Driver/Src/stm32g0xx_hal_pwr_ex.o
LOAD ./Drivers/STM32G0xx_HAL_Driver/Src/stm32g0xx_hal_rcc.o
LOAD ./Drivers/STM32G0xx_HAL_Driver/Src/stm32g0xx_hal_rcc_ex.o
LOAD ./Drivers/STM32G0xx_HAL_Driver/Src/stm32g0xx_hal_tim.o
LOAD ./Drivers/STM32G0xx_HAL_Driver/Src/stm32g0xx_hal_tim_ex.o
LOAD ./Drivers/STM32G0xx_HAL_Driver/Src/stm32g0xx_ll_rcc.o
START GROUP
LOAD C:/ST/STM32CubeIDE_1.18.1/STM32CubeIDE/plugins/com.st.stm32cube.ide.mcu.externaltools.gnu-tools-for-stm32.13.3.rel1.win32_1.0.0.202411081344/tools/bin/../lib/gcc/arm-none-eabi/13.3.1/../../../../arm-none-eabi/lib/thumb/v6-m/nofp\libc_nano.a
LOAD C:/ST/STM32CubeIDE_1.18.1/STM32CubeIDE/plugins/com.st.stm32cube.ide.mcu.externaltools.gnu-tools-for-stm32.13.3.rel1.win32_1.0.0.202411081344/tools/bin/../lib/gcc/arm-none-eabi/13.3.1/../../../../arm-none-eabi/lib/thumb/v6-m/nofp\libm.a
END GROUP
START GROUP
LOAD C:/ST/STM32CubeIDE_1.18.1/STM32CubeIDE/plugins/com.st.stm32cube.ide.mcu.externaltools.gnu-tools-for-stm32.13.3.rel1.win32_1.0.0.202411081344/tools/bin/../lib/gcc/arm-none-eabi/13.3.1/thumb/v6-m/nofp\libgcc.a
LOAD C:/ST/STM32CubeIDE_1.18.1/STM32CubeIDE/plugins/com.st.stm32cube.ide.mcu.externaltools.gnu-tools-for-stm32.13.3.rel1.win32_1.0.0.202411081344/tools/bin/../lib/gcc/arm-none-eabi/13.3.1/../../../../arm-none-eabi/lib/thumb/v6-m/nofp\libc_nano.a
END GROUP
START GROUP
LOAD C:/ST/STM32CubeIDE_1.18.1/STM32CubeIDE/plugins/com.st.stm32cube.ide.mcu.externaltools.gnu-tools-for-stm32.13.3.rel1.win32_1.0.0.202411081344/tools/bin/../lib/gcc/arm-none-eabi/13.3.1/thumb/v6-m/nofp\libgcc.a
LOAD C:/ST/STM32CubeIDE_1.18.1/STM32CubeIDE/plugins/com.st.stm32cube.ide.mcu.externaltools.gnu-tools-for-stm32.13.3.rel1.win32_1.0.0.202411081344/tools/bin/../lib/gcc/arm-none-eabi/13.3.1/../../../../arm-none-eabi/lib/thumb/v6-m/nofp\libc_nano.a
LOAD C:/ST/STM32CubeIDE_1.18.1/STM32CubeIDE/plugins/com.st.stm32cube.ide.mcu.externaltools.gnu-tools-for-stm32.13.3.rel1.win32_1.0.0.202411081344/tools/bin/../lib/gcc/arm-none-eabi/13.3.1/../../../../arm-none-eabi/lib/thumb/v6-m/nofp\libnosys.a
END GROUP
START GROUP
LOAD C:/ST/STM32CubeIDE_1.18.1/STM32CubeIDE/plugins/com.st.stm32cube.ide.mcu.externaltools.gnu-tools-for-stm32.13.3.rel1.win32_1.0.0.202411081344/tools/bin/../lib/gcc/arm-none-eabi/13.3.1/thumb/v6-m/nofp\libgcc.a
LOAD C:/ST/STM32CubeIDE_1.18.1/STM32CubeIDE/plugins/com.st.stm32cube.ide.mcu.externaltools.gnu-tools-for-stm32.13.3.rel1.win32_1.0.0.202411081344/tools/bin/../lib/gcc/arm-none-eabi/13.3.1/../../../../arm-none-eabi/lib/thumb/v6-m/nofp\libc_nano.a
LOAD C:/ST/STM32CubeIDE_1.18.1/STM32CubeIDE/plugins/com.st.stm32cube.ide.mcu.externaltools.gnu-tools-for-stm32.13.3.rel1.win32_1.0.0.202411081344/tools/bin/../lib/gcc/arm-none-eabi/13.3.1/../../../../arm-none-eabi/lib/thumb/v6-m/nofp\libnosys.a
END GROUP
LOAD C:/ST/STM32CubeIDE_1.18.1/STM32CubeIDE/plugins/com.st.stm32cube.ide.mcu.externaltools.gnu-tools-for-stm32.13.3.rel1.win32_1.0.0.202411081344/tools/bin/../lib/gcc/arm-none-eabi/13.3.1/thumb/v6-m/nofp/crtend.o
LOAD C:/ST/STM32CubeIDE_1.18.1/STM32CubeIDE/plugins/com.st.stm32cube.ide.mcu.externaltools.gnu-tools-for-stm32.13.3.rel1.win32_1.0.0.202411081344/tools/bin/../lib/gcc/arm-none-eabi/13.3.1/thumb/v6-m/nofp/crtn.o
                0x20002000                        _estack = (ORIGIN (RAM) + LENGTH (RAM))
                0x00000200                        _Min_Heap_Size = 0x200
                0x00000400                        _Min_Stack_Size = 0x400

.isr_vector     0x08000000       0xbc
                0x08000000                        . = ALIGN (0x4)
 *(.isr_vector)
 .isr_vector    0x08000000       0xbc ./Core/Startup/startup_stm32g031g8ux.o
                0x08000000                g_pfnVectors
                0x080000bc                        . = ALIGN (0x4)

.text           0x080000bc     0x3824
                0x080000bc                        . = ALIGN (0x4)
 *(.text)
 .text          0x080000bc       0x48 C:/ST/STM32CubeIDE_1.18.1/STM32CubeIDE/plugins/com.st.stm32cube.ide.mcu.externaltools.gnu-tools-for-stm32.13.3.rel1.win32_1.0.0.202411081344/tools/bin/../lib/gcc/arm-none-eabi/13.3.1/thumb/v6-m/nofp/crtbegin.o
 .text          0x08000104      0x114 C:/ST/STM32CubeIDE_1.18.1/STM32CubeIDE/plugins/com.st.stm32cube.ide.mcu.externaltools.gnu-tools-for-stm32.13.3.rel1.win32_1.0.0.202411081344/tools/bin/../lib/gcc/arm-none-eabi/13.3.1/thumb/v6-m/nofp\libgcc.a(_udivsi3.o)
                0x08000104                __aeabi_uidiv
                0x08000104                __udivsi3
                0x08000210                __aeabi_uidivmod
 .text          0x08000218      0x1d4 C:/ST/STM32CubeIDE_1.18.1/STM32CubeIDE/plugins/com.st.stm32cube.ide.mcu.externaltools.gnu-tools-for-stm32.13.3.rel1.win32_1.0.0.202411081344/tools/bin/../lib/gcc/arm-none-eabi/13.3.1/thumb/v6-m/nofp\libgcc.a(_divsi3.o)
                0x08000218                __divsi3
                0x08000218                __aeabi_idiv
                0x080003e4                __aeabi_idivmod
 .text          0x080003ec        0x4 C:/ST/STM32CubeIDE_1.18.1/STM32CubeIDE/plugins/com.st.stm32cube.ide.mcu.externaltools.gnu-tools-for-stm32.13.3.rel1.win32_1.0.0.202411081344/tools/bin/../lib/gcc/arm-none-eabi/13.3.1/thumb/v6-m/nofp\libgcc.a(_dvmd_tls.o)
                0x080003ec                __aeabi_idiv0
                0x080003ec                __aeabi_ldiv0
 *(.text*)
 .text.MX_GPIO_Init
                0x080003f0      0x1fc ./Core/Src/gpio.o
                0x080003f0                MX_GPIO_Init
 .text.EXTI0_1_IRQHandler
                0x080005ec       0x10 ./Core/Src/gpio.o
                0x080005ec                EXTI0_1_IRQHandler
 .text.MX_NVIC_Init
                0x080005fc       0x1a ./Core/Src/gpio.o
                0x080005fc                MX_NVIC_Init
 *fill*         0x08000616        0x2 
 .text.main     0x08000618       0x98 ./Core/Src/main.o
                0x08000618                main
 .text.SystemClock_Config
                0x080006b0       0xbc ./Core/Src/main.o
                0x080006b0                SystemClock_Config
 .text.Error_Handler
                0x0800076c        0xc ./Core/Src/main.o
                0x0800076c                Error_Handler
 .text.HAL_MspInit
                0x08000778       0x48 ./Core/Src/stm32g0xx_hal_msp.o
                0x08000778                HAL_MspInit
 .text.NMI_Handler
                0x080007c0        0x8 ./Core/Src/stm32g0xx_it.o
                0x080007c0                NMI_Handler
 .text.HardFault_Handler
                0x080007c8        0x8 ./Core/Src/stm32g0xx_it.o
                0x080007c8                HardFault_Handler
 .text.SVC_Handler
                0x080007d0        0xa ./Core/Src/stm32g0xx_it.o
                0x080007d0                SVC_Handler
 .text.PendSV_Handler
                0x080007da        0xa ./Core/Src/stm32g0xx_it.o
                0x080007da                PendSV_Handler
 .text.SysTick_Handler
                0x080007e4        0xe ./Core/Src/stm32g0xx_it.o
                0x080007e4                SysTick_Handler
 *fill*         0x080007f2        0x2 
 .text.DMA1_Channel1_IRQHandler
                0x080007f4       0x18 ./Core/Src/stm32g0xx_it.o
                0x080007f4                DMA1_Channel1_IRQHandler
 .text.SystemInit
                0x0800080c        0xa ./Core/Src/system_stm32g0xx.o
                0x0800080c                SystemInit
 *fill*         0x08000816        0x2 
 .text.MX_TIM14_Init
                0x08000818       0xa0 ./Core/Src/tim.o
                0x08000818                MX_TIM14_Init
 .text.HAL_TIM_Base_MspInit
                0x080008b8       0xc4 ./Core/Src/tim.o
                0x080008b8                HAL_TIM_Base_MspInit
 .text.HAL_TIM_MspPostInit
                0x0800097c       0xd0 ./Core/Src/tim.o
                0x0800097c                HAL_TIM_MspPostInit
 .text.hsv_to_rgb
                0x08000a4c      0x1f0 ./Core/Src/effects/color_utils.o
                0x08000a4c                hsv_to_rgb
 .text.encode_leds_to_pwm
                0x08000c3c       0xe4 ./Core/Src/effects/led_driver.o
 .text.led_driver_update
                0x08000d20        0xe ./Core/Src/effects/led_driver.o
                0x08000d20                led_driver_update
 *fill*         0x08000d2e        0x2 
 .text.led_driver_set_all
                0x08000d30       0x54 ./Core/Src/effects/led_driver.o
                0x08000d30                led_driver_set_all
 .text.led_driver_clear
                0x08000d84       0x28 ./Core/Src/effects/led_driver.o
                0x08000d84                led_driver_clear
 .text.led_effect_blink_update
                0x08000dac       0xc4 ./Core/Src/effects/led_effect_blink.o
                0x08000dac                led_effect_blink_update
 .text.led_effect_breathe_update
                0x08000e70       0xd0 ./Core/Src/effects/led_effect_breathe.o
                0x08000e70                led_effect_breathe_update
 .text.led_effect_chase_left_update
                0x08000f40       0xe8 ./Core/Src/effects/led_effect_chase_left.o
                0x08000f40                led_effect_chase_left_update
 .text.led_effect_chase_right_update
                0x08001028       0xe8 ./Core/Src/effects/led_effect_chase_right.o
                0x08001028                led_effect_chase_right_update
 .text.led_effect_config_mode_update
                0x08001110       0xfc ./Core/Src/effects/led_effect_config_mode.o
                0x08001110                led_effect_config_mode_update
 .text.led_effect_engine_init
                0x0800120c       0x14 ./Core/Src/effects/led_effect_engine.o
                0x0800120c                led_effect_engine_init
 .text.led_effect_engine_set
                0x08001220       0x20 ./Core/Src/effects/led_effect_engine.o
                0x08001220                led_effect_engine_set
 .text.led_effect_engine_update
                0x08001240       0x7c ./Core/Src/effects/led_effect_engine.o
                0x08001240                led_effect_engine_update
 .text.led_effect_flash_alt_update
                0x080012bc       0xfc ./Core/Src/effects/led_effect_flash_alt.o
                0x080012bc                led_effect_flash_alt_update
 .text.led_effect_single_led_update
                0x080013b8       0xe0 ./Core/Src/effects/led_effect_single_led.o
                0x080013b8                led_effect_single_led_update
 .text.led_effect_solid_update
                0x08001498       0xa0 ./Core/Src/effects/led_effect_solid.o
                0x08001498                led_effect_solid_update
 .text.piezo_beep
                0x08001538       0x70 ./Core/Src/sounds/piezo_driver.o
                0x08001538                piezo_beep
 .text.sound_beep_start
                0x080015a8       0x4c ./Core/Src/sounds/sound_beep.o
                0x080015a8                sound_beep_start
 .text.sound_config_mode_start
                0x080015f4       0x34 ./Core/Src/sounds/sound_config_mode.o
                0x080015f4                sound_config_mode_start
 .text.sound_double_beep_start
                0x08001628       0x94 ./Core/Src/sounds/sound_double_beep.o
                0x08001628                sound_double_beep_start
 .text.sound_engine_set
                0x080016bc       0x34 ./Core/Src/sounds/sound_engine.o
                0x080016bc                sound_engine_set
 .text.sound_engine_play
                0x080016f0       0x20 ./Core/Src/sounds/sound_engine.o
                0x080016f0                sound_engine_play
 .text.sound_engine_tick
                0x08001710       0x70 ./Core/Src/sounds/sound_engine.o
                0x08001710                sound_engine_tick
 .text.Reset_Handler
                0x08001780       0x50 ./Core/Startup/startup_stm32g031g8ux.o
                0x08001780                Reset_Handler
 .text.Default_Handler
                0x080017d0        0x2 ./Core/Startup/startup_stm32g031g8ux.o
                0x080017d0                TIM1_CC_IRQHandler
                0x080017d0                PVD_IRQHandler
                0x080017d0                I2C1_IRQHandler
                0x080017d0                LPTIM2_IRQHandler
                0x080017d0                RTC_TAMP_IRQHandler
                0x080017d0                SPI1_IRQHandler
                0x080017d0                DMA1_Ch4_5_DMAMUX1_OVR_IRQHandler
                0x080017d0                EXTI2_3_IRQHandler
                0x080017d0                ADC1_IRQHandler
                0x080017d0                I2C2_IRQHandler
                0x080017d0                TIM17_IRQHandler
                0x080017d0                TIM16_IRQHandler
                0x080017d0                TIM3_IRQHandler
                0x080017d0                EXTI4_15_IRQHandler
                0x080017d0                RCC_IRQHandler
                0x080017d0                Default_Handler
                0x080017d0                TIM14_IRQHandler
                0x080017d0                SPI2_IRQHandler
                0x080017d0                WWDG_IRQHandler
                0x080017d0                LPUART1_IRQHandler
                0x080017d0                TIM2_IRQHandler
                0x080017d0                DMA1_Channel2_3_IRQHandler
                0x080017d0                USART2_IRQHandler
                0x080017d0                FLASH_IRQHandler
                0x080017d0                USART1_IRQHandler
                0x080017d0                TIM1_BRK_UP_TRG_COM_IRQHandler
                0x080017d0                LPTIM1_IRQHandler
 *fill*         0x080017d2        0x2 
 .text.HAL_Init
                0x080017d4       0x40 ./Drivers/STM32G0xx_HAL_Driver/Src/stm32g0xx_hal.o
                0x080017d4                HAL_Init
 .text.HAL_InitTick
                0x08001814       0x94 ./Drivers/STM32G0xx_HAL_Driver/Src/stm32g0xx_hal.o
                0x08001814                HAL_InitTick
 .text.HAL_IncTick
                0x080018a8       0x24 ./Drivers/STM32G0xx_HAL_Driver/Src/stm32g0xx_hal.o
                0x080018a8                HAL_IncTick
 .text.HAL_GetTick
                0x080018cc       0x14 ./Drivers/STM32G0xx_HAL_Driver/Src/stm32g0xx_hal.o
                0x080018cc                HAL_GetTick
 .text.HAL_Delay
                0x080018e0       0x48 ./Drivers/STM32G0xx_HAL_Driver/Src/stm32g0xx_hal.o
                0x080018e0                HAL_Delay
 .text.__NVIC_EnableIRQ
                0x08001928       0x34 ./Drivers/STM32G0xx_HAL_Driver/Src/stm32g0xx_hal_cortex.o
 .text.__NVIC_SetPriority
                0x0800195c       0xdc ./Drivers/STM32G0xx_HAL_Driver/Src/stm32g0xx_hal_cortex.o
 .text.SysTick_Config
                0x08001a38       0x48 ./Drivers/STM32G0xx_HAL_Driver/Src/stm32g0xx_hal_cortex.o
 .text.HAL_NVIC_SetPriority
                0x08001a80       0x2a ./Drivers/STM32G0xx_HAL_Driver/Src/stm32g0xx_hal_cortex.o
                0x08001a80                HAL_NVIC_SetPriority
 .text.HAL_NVIC_EnableIRQ
                0x08001aaa       0x20 ./Drivers/STM32G0xx_HAL_Driver/Src/stm32g0xx_hal_cortex.o
                0x08001aaa                HAL_NVIC_EnableIRQ
 .text.HAL_SYSTICK_Config
                0x08001aca       0x1a ./Drivers/STM32G0xx_HAL_Driver/Src/stm32g0xx_hal_cortex.o
                0x08001aca                HAL_SYSTICK_Config
 .text.HAL_DMA_Init
                0x08001ae4      0x114 ./Drivers/STM32G0xx_HAL_Driver/Src/stm32g0xx_hal_dma.o
                0x08001ae4                HAL_DMA_Init
 .text.HAL_DMA_IRQHandler
                0x08001bf8      0x164 ./Drivers/STM32G0xx_HAL_Driver/Src/stm32g0xx_hal_dma.o
                0x08001bf8                HAL_DMA_IRQHandler
 .text.DMA_CalcDMAMUXChannelBaseAndMask
                0x08001d5c       0x58 ./Drivers/STM32G0xx_HAL_Driver/Src/stm32g0xx_hal_dma.o
 .text.DMA_CalcDMAMUXRequestGenBaseAndMask
                0x08001db4       0x48 ./Drivers/STM32G0xx_HAL_Driver/Src/stm32g0xx_hal_dma.o
 .text.HAL_GPIO_Init
                0x08001dfc      0x2c8 ./Drivers/STM32G0xx_HAL_Driver/Src/stm32g0xx_hal_gpio.o
                0x08001dfc                HAL_GPIO_Init
 .text.HAL_GPIO_WritePin
                0x080020c4       0x3a ./Drivers/STM32G0xx_HAL_Driver/Src/stm32g0xx_hal_gpio.o
                0x080020c4                HAL_GPIO_WritePin
 *fill*         0x080020fe        0x2 
 .text.HAL_GPIO_EXTI_IRQHandler
                0x08002100       0x54 ./Drivers/STM32G0xx_HAL_Driver/Src/stm32g0xx_hal_gpio.o
                0x08002100                HAL_GPIO_EXTI_IRQHandler
 .text.HAL_GPIO_EXTI_Rising_Callback
                0x08002154       0x14 ./Drivers/STM32G0xx_HAL_Driver/Src/stm32g0xx_hal_gpio.o
                0x08002154                HAL_GPIO_EXTI_Rising_Callback
 .text.HAL_GPIO_EXTI_Falling_Callback
                0x08002168       0x14 ./Drivers/STM32G0xx_HAL_Driver/Src/stm32g0xx_hal_gpio.o
                0x08002168                HAL_GPIO_EXTI_Falling_Callback
 .text.HAL_PWREx_ControlVoltageScaling
                0x0800217c       0x80 ./Drivers/STM32G0xx_HAL_Driver/Src/stm32g0xx_hal_pwr_ex.o
                0x0800217c                HAL_PWREx_ControlVoltageScaling
 .text.LL_RCC_GetAPB1Prescaler
                0x080021fc       0x18 ./Drivers/STM32G0xx_HAL_Driver/Src/stm32g0xx_hal_rcc.o
 .text.HAL_RCC_OscConfig
                0x08002214      0x634 ./Drivers/STM32G0xx_HAL_Driver/Src/stm32g0xx_hal_rcc.o
                0x08002214                HAL_RCC_OscConfig
 .text.HAL_RCC_ClockConfig
                0x08002848      0x210 ./Drivers/STM32G0xx_HAL_Driver/Src/stm32g0xx_hal_rcc.o
                0x08002848                HAL_RCC_ClockConfig
 .text.HAL_RCC_GetSysClockFreq
                0x08002a58      0x104 ./Drivers/STM32G0xx_HAL_Driver/Src/stm32g0xx_hal_rcc.o
                0x08002a58                HAL_RCC_GetSysClockFreq
 .text.HAL_RCC_GetHCLKFreq
                0x08002b5c       0x14 ./Drivers/STM32G0xx_HAL_Driver/Src/stm32g0xx_hal_rcc.o
                0x08002b5c                HAL_RCC_GetHCLKFreq
 .text.HAL_RCC_GetPCLK1Freq
                0x08002b70       0x2c ./Drivers/STM32G0xx_HAL_Driver/Src/stm32g0xx_hal_rcc.o
                0x08002b70                HAL_RCC_GetPCLK1Freq
 .text.HAL_TIM_Base_Init
                0x08002b9c       0xb0 ./Drivers/STM32G0xx_HAL_Driver/Src/stm32g0xx_hal_tim.o
                0x08002b9c                HAL_TIM_Base_Init
 .text.HAL_TIM_PWM_Init
                0x08002c4c       0xb0 ./Drivers/STM32G0xx_HAL_Driver/Src/stm32g0xx_hal_tim.o
                0x08002c4c                HAL_TIM_PWM_Init
 .text.HAL_TIM_PWM_MspInit
                0x08002cfc       0x10 ./Drivers/STM32G0xx_HAL_Driver/Src/stm32g0xx_hal_tim.o
                0x08002cfc                HAL_TIM_PWM_MspInit
 .text.HAL_TIM_PWM_Start
                0x08002d0c      0x1bc ./Drivers/STM32G0xx_HAL_Driver/Src/stm32g0xx_hal_tim.o
                0x08002d0c                HAL_TIM_PWM_Start
 .text.HAL_TIM_PWM_Stop
                0x08002ec8      0x10c ./Drivers/STM32G0xx_HAL_Driver/Src/stm32g0xx_hal_tim.o
                0x08002ec8                HAL_TIM_PWM_Stop
 .text.HAL_TIM_PWM_ConfigChannel
                0x08002fd4      0x200 ./Drivers/STM32G0xx_HAL_Driver/Src/stm32g0xx_hal_tim.o
                0x08002fd4                HAL_TIM_PWM_ConfigChannel
 .text.TIM_Base_SetConfig
                0x080031d4      0x108 ./Drivers/STM32G0xx_HAL_Driver/Src/stm32g0xx_hal_tim.o
                0x080031d4                TIM_Base_SetConfig
 .text.TIM_OC1_SetConfig
                0x080032dc      0x100 ./Drivers/STM32G0xx_HAL_Driver/Src/stm32g0xx_hal_tim.o
 .text.TIM_OC2_SetConfig
                0x080033dc       0xfc ./Drivers/STM32G0xx_HAL_Driver/Src/stm32g0xx_hal_tim.o
                0x080033dc                TIM_OC2_SetConfig
 .text.TIM_OC3_SetConfig
                0x080034d8      0x104 ./Drivers/STM32G0xx_HAL_Driver/Src/stm32g0xx_hal_tim.o
 .text.TIM_OC4_SetConfig
                0x080035dc       0xc8 ./Drivers/STM32G0xx_HAL_Driver/Src/stm32g0xx_hal_tim.o
 .text.TIM_OC5_SetConfig
                0x080036a4       0xb4 ./Drivers/STM32G0xx_HAL_Driver/Src/stm32g0xx_hal_tim.o
 .text.TIM_OC6_SetConfig
                0x08003758       0xbc ./Drivers/STM32G0xx_HAL_Driver/Src/stm32g0xx_hal_tim.o
 .text.TIM_CCxChannelCmd
                0x08003814       0x46 ./Drivers/STM32G0xx_HAL_Driver/Src/stm32g0xx_hal_tim.o
                0x08003814                TIM_CCxChannelCmd
 .text.memset   0x0800385a       0x10 C:/ST/STM32CubeIDE_1.18.1/STM32CubeIDE/plugins/com.st.stm32cube.ide.mcu.externaltools.gnu-tools-for-stm32.13.3.rel1.win32_1.0.0.202411081344/tools/bin/../lib/gcc/arm-none-eabi/13.3.1/../../../../arm-none-eabi/lib/thumb/v6-m/nofp\libc_nano.a(libc_a-memset.o)
                0x0800385a                memset
 *fill*         0x0800386a        0x2 
 .text.__libc_init_array
                0x0800386c       0x48 C:/ST/STM32CubeIDE_1.18.1/STM32CubeIDE/plugins/com.st.stm32cube.ide.mcu.externaltools.gnu-tools-for-stm32.13.3.rel1.win32_1.0.0.202411081344/tools/bin/../lib/gcc/arm-none-eabi/13.3.1/../../../../arm-none-eabi/lib/thumb/v6-m/nofp\libc_nano.a(libc_a-init.o)
                0x0800386c                __libc_init_array
 .text.memcpy   0x080038b4       0x12 C:/ST/STM32CubeIDE_1.18.1/STM32CubeIDE/plugins/com.st.stm32cube.ide.mcu.externaltools.gnu-tools-for-stm32.13.3.rel1.win32_1.0.0.202411081344/tools/bin/../lib/gcc/arm-none-eabi/13.3.1/../../../../arm-none-eabi/lib/thumb/v6-m/nofp\libc_nano.a(libc_a-memcpy-stub.o)
                0x080038b4                memcpy
 *(.glue_7)
 .glue_7        0x080038c6        0x0 linker stubs
 *(.glue_7t)
 .glue_7t       0x080038c6        0x0 linker stubs
 *(.eh_frame)
 *fill*         0x080038c6        0x2 
 .eh_frame      0x080038c8        0x0 C:/ST/STM32CubeIDE_1.18.1/STM32CubeIDE/plugins/com.st.stm32cube.ide.mcu.externaltools.gnu-tools-for-stm32.13.3.rel1.win32_1.0.0.202411081344/tools/bin/../lib/gcc/arm-none-eabi/13.3.1/thumb/v6-m/nofp/crtbegin.o
 *(.init)
 .init          0x080038c8        0x4 C:/ST/STM32CubeIDE_1.18.1/STM32CubeIDE/plugins/com.st.stm32cube.ide.mcu.externaltools.gnu-tools-for-stm32.13.3.rel1.win32_1.0.0.202411081344/tools/bin/../lib/gcc/arm-none-eabi/13.3.1/thumb/v6-m/nofp/crti.o
                0x080038c8                _init
 .init          0x080038cc        0x8 C:/ST/STM32CubeIDE_1.18.1/STM32CubeIDE/plugins/com.st.stm32cube.ide.mcu.externaltools.gnu-tools-for-stm32.13.3.rel1.win32_1.0.0.202411081344/tools/bin/../lib/gcc/arm-none-eabi/13.3.1/thumb/v6-m/nofp/crtn.o
 *(.fini)
 .fini          0x080038d4        0x4 C:/ST/STM32CubeIDE_1.18.1/STM32CubeIDE/plugins/com.st.stm32cube.ide.mcu.externaltools.gnu-tools-for-stm32.13.3.rel1.win32_1.0.0.202411081344/tools/bin/../lib/gcc/arm-none-eabi/13.3.1/thumb/v6-m/nofp/crti.o
                0x080038d4                _fini
 .fini          0x080038d8        0x8 C:/ST/STM32CubeIDE_1.18.1/STM32CubeIDE/plugins/com.st.stm32cube.ide.mcu.externaltools.gnu-tools-for-stm32.13.3.rel1.win32_1.0.0.202411081344/tools/bin/../lib/gcc/arm-none-eabi/13.3.1/thumb/v6-m/nofp/crtn.o
                0x080038e0                        . = ALIGN (0x4)
                0x080038e0                        _etext = .

.vfp11_veneer   0x080038e0        0x0
 .vfp11_veneer  0x080038e0        0x0 linker stubs

.v4_bx          0x080038e0        0x0
 .v4_bx         0x080038e0        0x0 linker stubs

.iplt           0x080038e0        0x0
 .iplt          0x080038e0        0x0 C:/ST/STM32CubeIDE_1.18.1/STM32CubeIDE/plugins/com.st.stm32cube.ide.mcu.externaltools.gnu-tools-for-stm32.13.3.rel1.win32_1.0.0.202411081344/tools/bin/../lib/gcc/arm-none-eabi/13.3.1/thumb/v6-m/nofp/crtbegin.o

.rodata         0x080038e0       0xec
                0x080038e0                        . = ALIGN (0x4)
 *(.rodata)
 *(.rodata*)
 .rodata.AHBPrescTable
                0x080038e0       0x40 ./Core/Src/system_stm32g0xx.o
                0x080038e0                AHBPrescTable
 .rodata.APBPrescTable
                0x08003920       0x20 ./Core/Src/system_stm32g0xx.o
                0x08003920                APBPrescTable
 .rodata.hsv_to_rgb
                0x08003940       0x14 ./Core/Src/effects/color_utils.o
 .rodata.led_effect_engine_update
                0x08003954       0x24 ./Core/Src/effects/led_effect_engine.o
 .rodata.HAL_TIM_PWM_ConfigChannel
                0x08003978       0x54 ./Drivers/STM32G0xx_HAL_Driver/Src/stm32g0xx_hal_tim.o
                0x080039cc                        . = ALIGN (0x4)

.ARM.extab      0x080039cc        0x0
                0x080039cc                        . = ALIGN (0x4)
 *(.ARM.extab* .gnu.linkonce.armextab.*)
                0x080039cc                        . = ALIGN (0x4)

.ARM            0x080039cc        0x0
                0x080039cc                        . = ALIGN (0x4)
                0x080039cc                        __exidx_start = .
 *(.ARM.exidx*)
                0x080039cc                        __exidx_end = .
                0x080039cc                        . = ALIGN (0x4)

.preinit_array  0x080039cc        0x0
                0x080039cc                        . = ALIGN (0x4)
                0x080039cc                        PROVIDE (__preinit_array_start = .)
 *(.preinit_array*)
                0x080039cc                        PROVIDE (__preinit_array_end = .)
                0x080039cc                        . = ALIGN (0x4)

.init_array     0x080039cc        0x4
                0x080039cc                        . = ALIGN (0x4)
                0x080039cc                        PROVIDE (__init_array_start = .)
 *(SORT_BY_NAME(.init_array.*))
 *(.init_array*)
 .init_array    0x080039cc        0x4 C:/ST/STM32CubeIDE_1.18.1/STM32CubeIDE/plugins/com.st.stm32cube.ide.mcu.externaltools.gnu-tools-for-stm32.13.3.rel1.win32_1.0.0.202411081344/tools/bin/../lib/gcc/arm-none-eabi/13.3.1/thumb/v6-m/nofp/crtbegin.o
                0x080039d0                        PROVIDE (__init_array_end = .)
                0x080039d0                        . = ALIGN (0x4)

.fini_array     0x080039d0        0x4
                0x080039d0                        . = ALIGN (0x4)
                [!provide]                        PROVIDE (__fini_array_start = .)
 *(SORT_BY_NAME(.fini_array.*))
 *(.fini_array*)
 .fini_array    0x080039d0        0x4 C:/ST/STM32CubeIDE_1.18.1/STM32CubeIDE/plugins/com.st.stm32cube.ide.mcu.externaltools.gnu-tools-for-stm32.13.3.rel1.win32_1.0.0.202411081344/tools/bin/../lib/gcc/arm-none-eabi/13.3.1/thumb/v6-m/nofp/crtbegin.o
                [!provide]                        PROVIDE (__fini_array_end = .)
                0x080039d4                        . = ALIGN (0x4)
                0x080039d4                        _sidata = LOADADDR (.data)

.rel.dyn        0x080039d4        0x0
 .rel.iplt      0x080039d4        0x0 C:/ST/STM32CubeIDE_1.18.1/STM32CubeIDE/plugins/com.st.stm32cube.ide.mcu.externaltools.gnu-tools-for-stm32.13.3.rel1.win32_1.0.0.202411081344/tools/bin/../lib/gcc/arm-none-eabi/13.3.1/thumb/v6-m/nofp/crtbegin.o

.data           0x20000000       0x1c load address 0x080039d4
                0x20000000                        . = ALIGN (0x4)
                0x20000000                        _sdata = .
 *(.data)
 *(.data*)
 .data.SystemCoreClock
                0x20000000        0x4 ./Core/Src/system_stm32g0xx.o
                0x20000000                SystemCoreClock
 .data.direction
                0x20000004        0x1 ./Core/Src/effects/led_effect_breathe.o
 .data.prev_hue
                0x20000005        0x1 ./Core/Src/effects/led_effect_solid.o
 .data.prev_brightness
                0x20000006        0x1 ./Core/Src/effects/led_effect_solid.o
 *fill*         0x20000007        0x1 
 .data.freq1    0x20000008        0x2 ./Core/Src/sounds/sound_double_beep.o
 .data.len1     0x2000000a        0x2 ./Core/Src/sounds/sound_double_beep.o
 .data.pause    0x2000000c        0x2 ./Core/Src/sounds/sound_double_beep.o
 .data.freq2    0x2000000e        0x2 ./Core/Src/sounds/sound_double_beep.o
 .data.len2     0x20000010        0x2 ./Core/Src/sounds/sound_double_beep.o
 *fill*         0x20000012        0x2 
 .data.uwTickPrio
                0x20000014        0x4 ./Drivers/STM32G0xx_HAL_Driver/Src/stm32g0xx_hal.o
                0x20000014                uwTickPrio
 .data.uwTickFreq
                0x20000018        0x1 ./Drivers/STM32G0xx_HAL_Driver/Src/stm32g0xx_hal.o
                0x20000018                uwTickFreq
 *(.RamFunc)
 *(.RamFunc*)
                0x2000001c                        . = ALIGN (0x4)
 *fill*         0x20000019        0x3 
                0x2000001c                        _edata = .

.igot.plt       0x2000001c        0x0 load address 0x080039f0
 .igot.plt      0x2000001c        0x0 C:/ST/STM32CubeIDE_1.18.1/STM32CubeIDE/plugins/com.st.stm32cube.ide.mcu.externaltools.gnu-tools-for-stm32.13.3.rel1.win32_1.0.0.202411081344/tools/bin/../lib/gcc/arm-none-eabi/13.3.1/thumb/v6-m/nofp/crtbegin.o
                0x2000001c                        . = ALIGN (0x4)

.bss            0x2000001c      0x3ec load address 0x080039f0
                0x2000001c                        _sbss = .
                0x2000001c                        __bss_start__ = _sbss
 *(.bss)
 .bss           0x2000001c       0x1c C:/ST/STM32CubeIDE_1.18.1/STM32CubeIDE/plugins/com.st.stm32cube.ide.mcu.externaltools.gnu-tools-for-stm32.13.3.rel1.win32_1.0.0.202411081344/tools/bin/../lib/gcc/arm-none-eabi/13.3.1/thumb/v6-m/nofp/crtbegin.o
 *(.bss*)
 .bss.timer_tick
                0x20000038        0x4 ./Core/Src/main.o
                0x20000038                timer_tick
 .bss.htim14    0x2000003c       0x4c ./Core/Src/tim.o
                0x2000003c                htim14
 .bss.hdma_tim3_ch2
                0x20000088       0x5c ./Core/Src/tim.o
                0x20000088                hdma_tim3_ch2
 .bss.pwm_buffer
                0x200000e4      0x2a0 ./Core/Src/effects/led_driver.o
 .bss.led_state
                0x20000384       0x24 ./Core/Src/effects/led_driver.o
                0x20000384                led_state
 .bss.state     0x200003a8        0x1 ./Core/Src/effects/led_effect_blink.o
 *fill*         0x200003a9        0x3 
 .bss.last_toggle
                0x200003ac        0x4 ./Core/Src/effects/led_effect_blink.o
 .bss.brightness
                0x200003b0        0x1 ./Core/Src/effects/led_effect_breathe.o
 *fill*         0x200003b1        0x3 
 .bss.last_update
                0x200003b4        0x4 ./Core/Src/effects/led_effect_breathe.o
 .bss.current_pos
                0x200003b8        0x1 ./Core/Src/effects/led_effect_chase_left.o
 *fill*         0x200003b9        0x3 
 .bss.last_update
                0x200003bc        0x4 ./Core/Src/effects/led_effect_chase_left.o
 .bss.current_pos
                0x200003c0        0x1 ./Core/Src/effects/led_effect_chase_right.o
 *fill*         0x200003c1        0x3 
 .bss.last_update
                0x200003c4        0x4 ./Core/Src/effects/led_effect_chase_right.o
 .bss.last_update
                0x200003c8        0x4 ./Core/Src/effects/led_effect_config_mode.o
 .bss.active_led
                0x200003cc        0x1 ./Core/Src/effects/led_effect_config_mode.o
 .bss.on        0x200003cd        0x1 ./Core/Src/effects/led_effect_config_mode.o
 .bss.current_effect
                0x200003ce        0x1 ./Core/Src/effects/led_effect_engine.o
                0x200003ce                current_effect
 *fill*         0x200003cf        0x1 
 .bss.effect_params
                0x200003d0        0x4 ./Core/Src/effects/led_effect_engine.o
                0x200003d0                effect_params
 .bss.flash_on  0x200003d4        0x1 ./Core/Src/effects/led_effect_flash_alt.o
 *fill*         0x200003d5        0x3 
 .bss.last_update
                0x200003d8        0x4 ./Core/Src/effects/led_effect_flash_alt.o
 .bss.last_update
                0x200003dc        0x4 ./Core/Src/effects/led_effect_single_led.o
 .bss.led_on    0x200003e0        0x1 ./Core/Src/effects/led_effect_single_led.o
 *fill*         0x200003e1        0x3 
 .bss.beep_end_time
                0x200003e4        0x4 ./Core/Src/sounds/piezo_driver.o
 .bss.beep_active
                0x200003e8        0x1 ./Core/Src/sounds/sound_beep.o
 *fill*         0x200003e9        0x3 
 .bss.beep_end_time
                0x200003ec        0x4 ./Core/Src/sounds/sound_beep.o
 .bss.config_state
                0x200003f0        0x1 ./Core/Src/sounds/sound_config_mode.o
 *fill*         0x200003f1        0x3 
 .bss.timestamp
                0x200003f4        0x4 ./Core/Src/sounds/sound_config_mode.o
 .bss.state     0x200003f8        0x1 ./Core/Src/sounds/sound_double_beep.o
 *fill*         0x200003f9        0x3 
 .bss.timestamp
                0x200003fc        0x4 ./Core/Src/sounds/sound_double_beep.o
 .bss.current_sound
                0x20000400        0x1 ./Core/Src/sounds/sound_engine.o
 .bss.sound_repeat_counter
                0x20000401        0x1 ./Core/Src/sounds/sound_engine.o
 *fill*         0x20000402        0x2 
 .bss.uwTick    0x20000404        0x4 ./Drivers/STM32G0xx_HAL_Driver/Src/stm32g0xx_hal.o
                0x20000404                uwTick
 *(COMMON)
                0x20000408                        . = ALIGN (0x4)
                0x20000408                        _ebss = .
                0x20000408                        __bss_end__ = _ebss

._user_heap_stack
                0x20000408      0x600 load address 0x080039f0
                0x20000408                        . = ALIGN (0x8)
                [!provide]                        PROVIDE (end = .)
                0x20000408                        PROVIDE (_end = .)
                0x20000608                        . = (. + _Min_Heap_Size)
 *fill*         0x20000408      0x200 
                0x20000a08                        . = (. + _Min_Stack_Size)
 *fill*         0x20000608      0x400 
                0x20000a08                        . = ALIGN (0x8)

/DISCARD/
 libc.a(*)
 libm.a(*)
 libgcc.a(*)

.ARM.attributes
                0x00000000       0x28
 *(.ARM.attributes)
 .ARM.attributes
                0x00000000       0x1e C:/ST/STM32CubeIDE_1.18.1/STM32CubeIDE/plugins/com.st.stm32cube.ide.mcu.externaltools.gnu-tools-for-stm32.13.3.rel1.win32_1.0.0.202411081344/tools/bin/../lib/gcc/arm-none-eabi/13.3.1/thumb/v6-m/nofp/crti.o
 .ARM.attributes
                0x0000001e       0x2c C:/ST/STM32CubeIDE_1.18.1/STM32CubeIDE/plugins/com.st.stm32cube.ide.mcu.externaltools.gnu-tools-for-stm32.13.3.rel1.win32_1.0.0.202411081344/tools/bin/../lib/gcc/arm-none-eabi/13.3.1/thumb/v6-m/nofp/crtbegin.o
 .ARM.attributes
                0x0000004a       0x2c ./Core/Src/gpio.o
 .ARM.attributes
                0x00000076       0x2c ./Core/Src/main.o
 .ARM.attributes
                0x000000a2       0x2c ./Core/Src/stm32g0xx_hal_msp.o
 .ARM.attributes
                0x000000ce       0x2c ./Core/Src/stm32g0xx_it.o
 .ARM.attributes
                0x000000fa       0x2c ./Core/Src/system_stm32g0xx.o
 .ARM.attributes
                0x00000126       0x2c ./Core/Src/tim.o
 .ARM.attributes
                0x00000152       0x2c ./Core/Src/effects/color_utils.o
 .ARM.attributes
                0x0000017e       0x2c ./Core/Src/effects/led_driver.o
 .ARM.attributes
                0x000001aa       0x2c ./Core/Src/effects/led_effect_blink.o
 .ARM.attributes
                0x000001d6       0x2c ./Core/Src/effects/led_effect_breathe.o
 .ARM.attributes
                0x00000202       0x2c ./Core/Src/effects/led_effect_chase_left.o
 .ARM.attributes
                0x0000022e       0x2c ./Core/Src/effects/led_effect_chase_right.o
 .ARM.attributes
                0x0000025a       0x2c ./Core/Src/effects/led_effect_config_mode.o
 .ARM.attributes
                0x00000286       0x2c ./Core/Src/effects/led_effect_engine.o
 .ARM.attributes
                0x000002b2       0x2c ./Core/Src/effects/led_effect_flash_alt.o
 .ARM.attributes
                0x000002de       0x2c ./Core/Src/effects/led_effect_single_led.o
 .ARM.attributes
                0x0000030a       0x2c ./Core/Src/effects/led_effect_solid.o
 .ARM.attributes
                0x00000336       0x2c ./Core/Src/sounds/piezo_driver.o
 .ARM.attributes
                0x00000362       0x2c ./Core/Src/sounds/sound_beep.o
 .ARM.attributes
                0x0000038e       0x2c ./Core/Src/sounds/sound_config_mode.o
 .ARM.attributes
                0x000003ba       0x2c ./Core/Src/sounds/sound_double_beep.o
 .ARM.attributes
                0x000003e6       0x2c ./Core/Src/sounds/sound_engine.o
 .ARM.attributes
                0x00000412       0x22 ./Core/Startup/startup_stm32g031g8ux.o
 .ARM.attributes
                0x00000434       0x2c ./Drivers/STM32G0xx_HAL_Driver/Src/stm32g0xx_hal.o
 .ARM.attributes
                0x00000460       0x2c ./Drivers/STM32G0xx_HAL_Driver/Src/stm32g0xx_hal_cortex.o
 .ARM.attributes
                0x0000048c       0x2c ./Drivers/STM32G0xx_HAL_Driver/Src/stm32g0xx_hal_dma.o
 .ARM.attributes
                0x000004b8       0x2c ./Drivers/STM32G0xx_HAL_Driver/Src/stm32g0xx_hal_gpio.o
 .ARM.attributes
                0x000004e4       0x2c ./Drivers/STM32G0xx_HAL_Driver/Src/stm32g0xx_hal_pwr_ex.o
 .ARM.attributes
                0x00000510       0x2c ./Drivers/STM32G0xx_HAL_Driver/Src/stm32g0xx_hal_rcc.o
 .ARM.attributes
                0x0000053c       0x2c ./Drivers/STM32G0xx_HAL_Driver/Src/stm32g0xx_hal_tim.o
 .ARM.attributes
                0x00000568       0x2c C:/ST/STM32CubeIDE_1.18.1/STM32CubeIDE/plugins/com.st.stm32cube.ide.mcu.externaltools.gnu-tools-for-stm32.13.3.rel1.win32_1.0.0.202411081344/tools/bin/../lib/gcc/arm-none-eabi/13.3.1/../../../../arm-none-eabi/lib/thumb/v6-m/nofp\libc_nano.a(libc_a-memset.o)
 .ARM.attributes
                0x00000594       0x2c C:/ST/STM32CubeIDE_1.18.1/STM32CubeIDE/plugins/com.st.stm32cube.ide.mcu.externaltools.gnu-tools-for-stm32.13.3.rel1.win32_1.0.0.202411081344/tools/bin/../lib/gcc/arm-none-eabi/13.3.1/../../../../arm-none-eabi/lib/thumb/v6-m/nofp\libc_nano.a(libc_a-init.o)
 .ARM.attributes
                0x000005c0       0x2c C:/ST/STM32CubeIDE_1.18.1/STM32CubeIDE/plugins/com.st.stm32cube.ide.mcu.externaltools.gnu-tools-for-stm32.13.3.rel1.win32_1.0.0.202411081344/tools/bin/../lib/gcc/arm-none-eabi/13.3.1/../../../../arm-none-eabi/lib/thumb/v6-m/nofp\libc_nano.a(libc_a-memcpy-stub.o)
 .ARM.attributes
                0x000005ec       0x1e C:/ST/STM32CubeIDE_1.18.1/STM32CubeIDE/plugins/com.st.stm32cube.ide.mcu.externaltools.gnu-tools-for-stm32.13.3.rel1.win32_1.0.0.202411081344/tools/bin/../lib/gcc/arm-none-eabi/13.3.1/thumb/v6-m/nofp\libgcc.a(_udivsi3.o)
 .ARM.attributes
                0x0000060a       0x1e C:/ST/STM32CubeIDE_1.18.1/STM32CubeIDE/plugins/com.st.stm32cube.ide.mcu.externaltools.gnu-tools-for-stm32.13.3.rel1.win32_1.0.0.202411081344/tools/bin/../lib/gcc/arm-none-eabi/13.3.1/thumb/v6-m/nofp\libgcc.a(_divsi3.o)
 .ARM.attributes
                0x00000628       0x1e C:/ST/STM32CubeIDE_1.18.1/STM32CubeIDE/plugins/com.st.stm32cube.ide.mcu.externaltools.gnu-tools-for-stm32.13.3.rel1.win32_1.0.0.202411081344/tools/bin/../lib/gcc/arm-none-eabi/13.3.1/thumb/v6-m/nofp\libgcc.a(_dvmd_tls.o)
 .ARM.attributes
                0x00000646       0x1e C:/ST/STM32CubeIDE_1.18.1/STM32CubeIDE/plugins/com.st.stm32cube.ide.mcu.externaltools.gnu-tools-for-stm32.13.3.rel1.win32_1.0.0.202411081344/tools/bin/../lib/gcc/arm-none-eabi/13.3.1/thumb/v6-m/nofp/crtn.o
OUTPUT(Testprogramm Entwicklung.elf elf32-littlearm)
LOAD linker stubs
LOAD C:/ST/STM32CubeIDE_1.18.1/STM32CubeIDE/plugins/com.st.stm32cube.ide.mcu.externaltools.gnu-tools-for-stm32.13.3.rel1.win32_1.0.0.202411081344/tools/bin/../lib/gcc/arm-none-eabi/13.3.1/../../../../arm-none-eabi/lib/thumb/v6-m/nofp\libc.a
LOAD C:/ST/STM32CubeIDE_1.18.1/STM32CubeIDE/plugins/com.st.stm32cube.ide.mcu.externaltools.gnu-tools-for-stm32.13.3.rel1.win32_1.0.0.202411081344/tools/bin/../lib/gcc/arm-none-eabi/13.3.1/../../../../arm-none-eabi/lib/thumb/v6-m/nofp\libm.a
LOAD C:/ST/STM32CubeIDE_1.18.1/STM32CubeIDE/plugins/com.st.stm32cube.ide.mcu.externaltools.gnu-tools-for-stm32.13.3.rel1.win32_1.0.0.202411081344/tools/bin/../lib/gcc/arm-none-eabi/13.3.1/thumb/v6-m/nofp\libgcc.a

.debug_info     0x00000000     0xb5bd
 .debug_info    0x00000000      0x632 ./Core/Src/gpio.o
 .debug_info    0x00000632      0xc65 ./Core/Src/main.o
 .debug_info    0x00001297      0x26c ./Core/Src/stm32g0xx_hal_msp.o
 .debug_info    0x00001503      0x451 ./Core/Src/stm32g0xx_it.o
 .debug_info    0x00001954      0x316 ./Core/Src/system_stm32g0xx.o
 .debug_info    0x00001c6a      0xd87 ./Core/Src/tim.o
 .debug_info    0x000029f1      0x183 ./Core/Src/effects/color_utils.o
 .debug_info    0x00002b74      0x9d1 ./Core/Src/effects/led_driver.o
 .debug_info    0x00003545      0x24b ./Core/Src/effects/led_effect_blink.o
 .debug_info    0x00003790      0x223 ./Core/Src/effects/led_effect_breathe.o
 .debug_info    0x000039b3      0x1ec ./Core/Src/effects/led_effect_chase_left.o
 .debug_info    0x00003b9f      0x1ec ./Core/Src/effects/led_effect_chase_right.o
 .debug_info    0x00003d8b      0x1ed ./Core/Src/effects/led_effect_config_mode.o
 .debug_info    0x00003f78      0x253 ./Core/Src/effects/led_effect_engine.o
 .debug_info    0x000041cb      0x1ec ./Core/Src/effects/led_effect_flash_alt.o
 .debug_info    0x000043b7      0x1de ./Core/Src/effects/led_effect_single_led.o
 .debug_info    0x00004595      0x21e ./Core/Src/effects/led_effect_solid.o
 .debug_info    0x000047b3      0x882 ./Core/Src/sounds/piezo_driver.o
 .debug_info    0x00005035      0x14a ./Core/Src/sounds/sound_beep.o
 .debug_info    0x0000517f      0x152 ./Core/Src/sounds/sound_config_mode.o
 .debug_info    0x000052d1      0x1d3 ./Core/Src/sounds/sound_double_beep.o
 .debug_info    0x000054a4      0x1ac ./Core/Src/sounds/sound_engine.o
 .debug_info    0x00005650       0x30 ./Core/Startup/startup_stm32g031g8ux.o
 .debug_info    0x00005680      0xa2f ./Drivers/STM32G0xx_HAL_Driver/Src/stm32g0xx_hal.o
 .debug_info    0x000060af      0x8c7 ./Drivers/STM32G0xx_HAL_Driver/Src/stm32g0xx_hal_cortex.o
 .debug_info    0x00006976      0x86b ./Drivers/STM32G0xx_HAL_Driver/Src/stm32g0xx_hal_dma.o
 .debug_info    0x000071e1      0x59d ./Drivers/STM32G0xx_HAL_Driver/Src/stm32g0xx_hal_gpio.o
 .debug_info    0x0000777e      0x77d ./Drivers/STM32G0xx_HAL_Driver/Src/stm32g0xx_hal_pwr_ex.o
 .debug_info    0x00007efb      0xb1b ./Drivers/STM32G0xx_HAL_Driver/Src/stm32g0xx_hal_rcc.o
 .debug_info    0x00008a16     0x2ba7 ./Drivers/STM32G0xx_HAL_Driver/Src/stm32g0xx_hal_tim.o

.debug_abbrev   0x00000000     0x2de4
 .debug_abbrev  0x00000000      0x1bf ./Core/Src/gpio.o
 .debug_abbrev  0x000001bf      0x25e ./Core/Src/main.o
 .debug_abbrev  0x0000041d       0xdd ./Core/Src/stm32g0xx_hal_msp.o
 .debug_abbrev  0x000004fa      0x161 ./Core/Src/stm32g0xx_it.o
 .debug_abbrev  0x0000065b      0x119 ./Core/Src/system_stm32g0xx.o
 .debug_abbrev  0x00000774      0x21f ./Core/Src/tim.o
 .debug_abbrev  0x00000993       0xdf ./Core/Src/effects/color_utils.o
 .debug_abbrev  0x00000a72      0x21c ./Core/Src/effects/led_driver.o
 .debug_abbrev  0x00000c8e      0x13f ./Core/Src/effects/led_effect_blink.o
 .debug_abbrev  0x00000dcd      0x137 ./Core/Src/effects/led_effect_breathe.o
 .debug_abbrev  0x00000f04      0x137 ./Core/Src/effects/led_effect_chase_left.o
 .debug_abbrev  0x0000103b      0x137 ./Core/Src/effects/led_effect_chase_right.o
 .debug_abbrev  0x00001172      0x138 ./Core/Src/effects/led_effect_config_mode.o
 .debug_abbrev  0x000012aa      0x12e ./Core/Src/effects/led_effect_engine.o
 .debug_abbrev  0x000013d8      0x137 ./Core/Src/effects/led_effect_flash_alt.o
 .debug_abbrev  0x0000150f      0x137 ./Core/Src/effects/led_effect_single_led.o
 .debug_abbrev  0x00001646      0x13a ./Core/Src/effects/led_effect_solid.o
 .debug_abbrev  0x00001780      0x1ec ./Core/Src/sounds/piezo_driver.o
 .debug_abbrev  0x0000196c       0xef ./Core/Src/sounds/sound_beep.o
 .debug_abbrev  0x00001a5b       0xe1 ./Core/Src/sounds/sound_config_mode.o
 .debug_abbrev  0x00001b3c      0x10b ./Core/Src/sounds/sound_double_beep.o
 .debug_abbrev  0x00001c47       0xf9 ./Core/Src/sounds/sound_engine.o
 .debug_abbrev  0x00001d40       0x24 ./Core/Startup/startup_stm32g031g8ux.o
 .debug_abbrev  0x00001d64      0x2b6 ./Drivers/STM32G0xx_HAL_Driver/Src/stm32g0xx_hal.o
 .debug_abbrev  0x0000201a      0x2ab ./Drivers/STM32G0xx_HAL_Driver/Src/stm32g0xx_hal_cortex.o
 .debug_abbrev  0x000022c5      0x1e1 ./Drivers/STM32G0xx_HAL_Driver/Src/stm32g0xx_hal_dma.o
 .debug_abbrev  0x000024a6      0x1c3 ./Drivers/STM32G0xx_HAL_Driver/Src/stm32g0xx_hal_gpio.o
 .debug_abbrev  0x00002669      0x237 ./Drivers/STM32G0xx_HAL_Driver/Src/stm32g0xx_hal_pwr_ex.o
 .debug_abbrev  0x000028a0      0x2a9 ./Drivers/STM32G0xx_HAL_Driver/Src/stm32g0xx_hal_rcc.o
 .debug_abbrev  0x00002b49      0x29b ./Drivers/STM32G0xx_HAL_Driver/Src/stm32g0xx_hal_tim.o

.debug_aranges  0x00000000      0xcb8
 .debug_aranges
                0x00000000       0x38 ./Core/Src/gpio.o
 .debug_aranges
                0x00000038       0x30 ./Core/Src/main.o
 .debug_aranges
                0x00000068       0x20 ./Core/Src/stm32g0xx_hal_msp.o
 .debug_aranges
                0x00000088       0x48 ./Core/Src/stm32g0xx_it.o
 .debug_aranges
                0x000000d0       0x28 ./Core/Src/system_stm32g0xx.o
 .debug_aranges
                0x000000f8       0x40 ./Core/Src/tim.o
 .debug_aranges
                0x00000138       0x28 ./Core/Src/effects/color_utils.o
 .debug_aranges
                0x00000160       0x50 ./Core/Src/effects/led_driver.o
 .debug_aranges
                0x000001b0       0x28 ./Core/Src/effects/led_effect_blink.o
 .debug_aranges
                0x000001d8       0x28 ./Core/Src/effects/led_effect_breathe.o
 .debug_aranges
                0x00000200       0x28 ./Core/Src/effects/led_effect_chase_left.o
 .debug_aranges
                0x00000228       0x28 ./Core/Src/effects/led_effect_chase_right.o
 .debug_aranges
                0x00000250       0x28 ./Core/Src/effects/led_effect_config_mode.o
 .debug_aranges
                0x00000278       0x30 ./Core/Src/effects/led_effect_engine.o
 .debug_aranges
                0x000002a8       0x28 ./Core/Src/effects/led_effect_flash_alt.o
 .debug_aranges
                0x000002d0       0x28 ./Core/Src/effects/led_effect_single_led.o
 .debug_aranges
                0x000002f8       0x30 ./Core/Src/effects/led_effect_solid.o
 .debug_aranges
                0x00000328       0x38 ./Core/Src/sounds/piezo_driver.o
 .debug_aranges
                0x00000360       0x30 ./Core/Src/sounds/sound_beep.o
 .debug_aranges
                0x00000390       0x30 ./Core/Src/sounds/sound_config_mode.o
 .debug_aranges
                0x000003c0       0x30 ./Core/Src/sounds/sound_double_beep.o
 .debug_aranges
                0x000003f0       0x30 ./Core/Src/sounds/sound_engine.o
 .debug_aranges
                0x00000420       0x28 ./Core/Startup/startup_stm32g031g8ux.o
 .debug_aranges
                0x00000448      0x128 ./Drivers/STM32G0xx_HAL_Driver/Src/stm32g0xx_hal.o
 .debug_aranges
                0x00000570       0xe8 ./Drivers/STM32G0xx_HAL_Driver/Src/stm32g0xx_hal_cortex.o
 .debug_aranges
                0x00000658       0x90 ./Drivers/STM32G0xx_HAL_Driver/Src/stm32g0xx_hal_dma.o
 .debug_aranges
                0x000006e8       0x60 ./Drivers/STM32G0xx_HAL_Driver/Src/stm32g0xx_hal_gpio.o
 .debug_aranges
                0x00000748       0xf0 ./Drivers/STM32G0xx_HAL_Driver/Src/stm32g0xx_hal_pwr_ex.o
 .debug_aranges
                0x00000838       0xa0 ./Drivers/STM32G0xx_HAL_Driver/Src/stm32g0xx_hal_rcc.o
 .debug_aranges
                0x000008d8      0x3e0 ./Drivers/STM32G0xx_HAL_Driver/Src/stm32g0xx_hal_tim.o

.debug_rnglists
                0x00000000      0x96c
 .debug_rnglists
                0x00000000       0x26 ./Core/Src/gpio.o
 .debug_rnglists
                0x00000026       0x21 ./Core/Src/main.o
 .debug_rnglists
                0x00000047       0x13 ./Core/Src/stm32g0xx_hal_msp.o
 .debug_rnglists
                0x0000005a       0x31 ./Core/Src/stm32g0xx_it.o
 .debug_rnglists
                0x0000008b       0x1a ./Core/Src/system_stm32g0xx.o
 .debug_rnglists
                0x000000a5       0x2f ./Core/Src/tim.o
 .debug_rnglists
                0x000000d4       0x1b ./Core/Src/effects/color_utils.o
 .debug_rnglists
                0x000000ef       0x38 ./Core/Src/effects/led_driver.o
 .debug_rnglists
                0x00000127       0x1a ./Core/Src/effects/led_effect_blink.o
 .debug_rnglists
                0x00000141       0x1a ./Core/Src/effects/led_effect_breathe.o
 .debug_rnglists
                0x0000015b       0x1a ./Core/Src/effects/led_effect_chase_left.o
 .debug_rnglists
                0x00000175       0x1a ./Core/Src/effects/led_effect_chase_right.o
 .debug_rnglists
                0x0000018f       0x1a ./Core/Src/effects/led_effect_config_mode.o
 .debug_rnglists
                0x000001a9       0x1f ./Core/Src/effects/led_effect_engine.o
 .debug_rnglists
                0x000001c8       0x1a ./Core/Src/effects/led_effect_flash_alt.o
 .debug_rnglists
                0x000001e2       0x1a ./Core/Src/effects/led_effect_single_led.o
 .debug_rnglists
                0x000001fc       0x20 ./Core/Src/effects/led_effect_solid.o
 .debug_rnglists
                0x0000021c       0x25 ./Core/Src/sounds/piezo_driver.o
 .debug_rnglists
                0x00000241       0x1f ./Core/Src/sounds/sound_beep.o
 .debug_rnglists
                0x00000260       0x20 ./Core/Src/sounds/sound_config_mode.o
 .debug_rnglists
                0x00000280       0x21 ./Core/Src/sounds/sound_double_beep.o
 .debug_rnglists
                0x000002a1       0x1f ./Core/Src/sounds/sound_engine.o
 .debug_rnglists
                0x000002c0       0x19 ./Core/Startup/startup_stm32g031g8ux.o
 .debug_rnglists
                0x000002d9       0xda ./Drivers/STM32G0xx_HAL_Driver/Src/stm32g0xx_hal.o
 .debug_rnglists
                0x000003b3       0xaa ./Drivers/STM32G0xx_HAL_Driver/Src/stm32g0xx_hal_cortex.o
 .debug_rnglists
                0x0000045d       0x72 ./Drivers/STM32G0xx_HAL_Driver/Src/stm32g0xx_hal_dma.o
 .debug_rnglists
                0x000004cf       0x45 ./Drivers/STM32G0xx_HAL_Driver/Src/stm32g0xx_hal_gpio.o
 .debug_rnglists
                0x00000514       0xb5 ./Drivers/STM32G0xx_HAL_Driver/Src/stm32g0xx_hal_pwr_ex.o
 .debug_rnglists
                0x000005c9       0x79 ./Drivers/STM32G0xx_HAL_Driver/Src/stm32g0xx_hal_rcc.o
 .debug_rnglists
                0x00000642      0x32a ./Drivers/STM32G0xx_HAL_Driver/Src/stm32g0xx_hal_tim.o

.debug_macro    0x00000000     0x2c4a
 .debug_macro   0x00000000      0x279 ./Core/Src/gpio.o
 .debug_macro   0x00000279      0x29f ./Core/Src/main.o
 .debug_macro   0x00000518      0x265 ./Core/Src/stm32g0xx_hal_msp.o
 .debug_macro   0x0000077d      0x26f ./Core/Src/stm32g0xx_it.o
 .debug_macro   0x000009ec      0x1cb ./Core/Src/system_stm32g0xx.o
 .debug_macro   0x00000bb7      0x26f ./Core/Src/tim.o
 .debug_macro   0x00000e26       0x6d ./Core/Src/effects/color_utils.o
 .debug_macro   0x00000e93      0x361 ./Core/Src/effects/led_driver.o
 .debug_macro   0x000011f4       0x94 ./Core/Src/effects/led_driver.o
 .debug_macro   0x00001288       0x61 ./Core/Src/effects/led_driver.o
 .debug_macro   0x000012e9       0x10 ./Core/Src/effects/led_driver.o
 .debug_macro   0x000012f9       0x20 ./Core/Src/effects/led_driver.o
 .debug_macro   0x00001319      0x26b ./Core/Src/effects/led_effect_blink.o
 .debug_macro   0x00001584       0x97 ./Core/Src/effects/led_effect_breathe.o
 .debug_macro   0x0000161b       0x97 ./Core/Src/effects/led_effect_chase_left.o
 .debug_macro   0x000016b2       0x97 ./Core/Src/effects/led_effect_chase_right.o
 .debug_macro   0x00001749       0x97 ./Core/Src/effects/led_effect_config_mode.o
 .debug_macro   0x000017e0      0x109 ./Core/Src/effects/led_effect_engine.o
 .debug_macro   0x000018e9       0x97 ./Core/Src/effects/led_effect_flash_alt.o
 .debug_macro   0x00001980       0x97 ./Core/Src/effects/led_effect_single_led.o
 .debug_macro   0x00001a17       0x97 ./Core/Src/effects/led_effect_solid.o
 .debug_macro   0x00001aae      0x277 ./Core/Src/sounds/piezo_driver.o
 .debug_macro   0x00001d25       0x7a ./Core/Src/sounds/sound_beep.o
 .debug_macro   0x00001d9f       0x7a ./Core/Src/sounds/sound_config_mode.o
 .debug_macro   0x00001e19       0x7a ./Core/Src/sounds/sound_double_beep.o
 .debug_macro   0x00001e93       0x8b ./Core/Src/sounds/sound_engine.o
 .debug_macro   0x00001f1e      0x1ef ./Drivers/STM32G0xx_HAL_Driver/Src/stm32g0xx_hal.o
 .debug_macro   0x0000210d      0x1cb ./Drivers/STM32G0xx_HAL_Driver/Src/stm32g0xx_hal_cortex.o
 .debug_macro   0x000022d8      0x1cb ./Drivers/STM32G0xx_HAL_Driver/Src/stm32g0xx_hal_dma.o
 .debug_macro   0x000024a3      0x1d2 ./Drivers/STM32G0xx_HAL_Driver/Src/stm32g0xx_hal_gpio.o
 .debug_macro   0x00002675      0x1f5 ./Drivers/STM32G0xx_HAL_Driver/Src/stm32g0xx_hal_pwr_ex.o
 .debug_macro   0x0000286a      0x20d ./Drivers/STM32G0xx_HAL_Driver/Src/stm32g0xx_hal_rcc.o
 .debug_macro   0x00002a77      0x1d3 ./Drivers/STM32G0xx_HAL_Driver/Src/stm32g0xx_hal_tim.o

.debug_line     0x00000000    0x122cc
 .debug_line    0x00000000      0xa05 ./Core/Src/gpio.o
 .debug_line    0x00000a05      0x9e0 ./Core/Src/main.o
 .debug_line    0x000013e5      0x8d1 ./Core/Src/stm32g0xx_hal_msp.o
 .debug_line    0x00001cb6      0x945 ./Core/Src/stm32g0xx_it.o
 .debug_line    0x000025fb      0x7c9 ./Core/Src/system_stm32g0xx.o
 .debug_line    0x00002dc4      0xa68 ./Core/Src/tim.o
 .debug_line    0x0000382c      0x55f ./Core/Src/effects/color_utils.o
 .debug_line    0x00003d8b      0xb82 ./Core/Src/effects/led_driver.o
 .debug_line    0x0000490d      0x933 ./Core/Src/effects/led_effect_blink.o
 .debug_line    0x00005240      0x546 ./Core/Src/effects/led_effect_breathe.o
 .debug_line    0x00005786      0x53d ./Core/Src/effects/led_effect_chase_left.o
 .debug_line    0x00005cc3      0x556 ./Core/Src/effects/led_effect_chase_right.o
 .debug_line    0x00006219      0x555 ./Core/Src/effects/led_effect_config_mode.o
 .debug_line    0x0000676e      0x5e5 ./Core/Src/effects/led_effect_engine.o
 .debug_line    0x00006d53      0x550 ./Core/Src/effects/led_effect_flash_alt.o
 .debug_line    0x000072a3      0x544 ./Core/Src/effects/led_effect_single_led.o
 .debug_line    0x000077e7      0x564 ./Core/Src/effects/led_effect_solid.o
 .debug_line    0x00007d4b      0x9cb ./Core/Src/sounds/piezo_driver.o
 .debug_line    0x00008716      0x4ef ./Core/Src/sounds/sound_beep.o
 .debug_line    0x00008c05      0x52d ./Core/Src/sounds/sound_config_mode.o
 .debug_line    0x00009132      0x53a ./Core/Src/sounds/sound_double_beep.o
 .debug_line    0x0000966c      0x544 ./Core/Src/sounds/sound_engine.o
 .debug_line    0x00009bb0       0x7b ./Core/Startup/startup_stm32g031g8ux.o
 .debug_line    0x00009c2b      0xb27 ./Drivers/STM32G0xx_HAL_Driver/Src/stm32g0xx_hal.o
 .debug_line    0x0000a752      0xba4 ./Drivers/STM32G0xx_HAL_Driver/Src/stm32g0xx_hal_cortex.o
 .debug_line    0x0000b2f6      0xd8b ./Drivers/STM32G0xx_HAL_Driver/Src/stm32g0xx_hal_dma.o
 .debug_line    0x0000c081      0xb60 ./Drivers/STM32G0xx_HAL_Driver/Src/stm32g0xx_hal_gpio.o
 .debug_line    0x0000cbe1      0xae8 ./Drivers/STM32G0xx_HAL_Driver/Src/stm32g0xx_hal_pwr_ex.o
 .debug_line    0x0000d6c9      0xfe0 ./Drivers/STM32G0xx_HAL_Driver/Src/stm32g0xx_hal_rcc.o
 .debug_line    0x0000e6a9     0x3c23 ./Drivers/STM32G0xx_HAL_Driver/Src/stm32g0xx_hal_tim.o

.debug_str      0x00000000    0x8d3bf
 .debug_str     0x00000000    0x8d3bf ./Core/Src/gpio.o
                              0x871a3 (size before relaxing)
 .debug_str     0x0008d3bf    0x876c5 ./Core/Src/main.o
 .debug_str     0x0008d3bf    0x86d0d ./Core/Src/stm32g0xx_hal_msp.o
 .debug_str     0x0008d3bf    0x86f93 ./Core/Src/stm32g0xx_it.o
 .debug_str     0x0008d3bf    0x86a23 ./Core/Src/system_stm32g0xx.o
 .debug_str     0x0008d3bf    0x875f8 ./Core/Src/tim.o
 .debug_str     0x0008d3bf     0x3d2f ./Core/Src/effects/color_utils.o
 .debug_str     0x0008d3bf    0x8a57f ./Core/Src/effects/led_driver.o
 .debug_str     0x0008d3bf    0x86d1a ./Core/Src/effects/led_effect_blink.o
 .debug_str     0x0008d3bf     0x4042 ./Core/Src/effects/led_effect_breathe.o
 .debug_str     0x0008d3bf     0x403a ./Core/Src/effects/led_effect_chase_left.o
 .debug_str     0x0008d3bf     0x403e ./Core/Src/effects/led_effect_chase_right.o
 .debug_str     0x0008d3bf     0x4034 ./Core/Src/effects/led_effect_config_mode.o
 .debug_str     0x0008d3bf     0x4274 ./Core/Src/effects/led_effect_engine.o
 .debug_str     0x0008d3bf     0x4030 ./Core/Src/effects/led_effect_flash_alt.o
 .debug_str     0x0008d3bf     0x402c ./Core/Src/effects/led_effect_single_led.o
 .debug_str     0x0008d3bf     0x403a ./Core/Src/effects/led_effect_solid.o
 .debug_str     0x0008d3bf    0x8732c ./Core/Src/sounds/piezo_driver.o
 .debug_str     0x0008d3bf     0x3dd1 ./Core/Src/sounds/sound_beep.o
 .debug_str     0x0008d3bf     0x3e04 ./Core/Src/sounds/sound_config_mode.o
 .debug_str     0x0008d3bf     0x3e33 ./Core/Src/sounds/sound_double_beep.o
 .debug_str     0x0008d3bf     0x4062 ./Core/Src/sounds/sound_engine.o
 .debug_str     0x0008d3bf       0x96 ./Core/Startup/startup_stm32g031g8ux.o
 .debug_str     0x0008d3bf    0x871f9 ./Drivers/STM32G0xx_HAL_Driver/Src/stm32g0xx_hal.o
 .debug_str     0x0008d3bf    0x86ead ./Drivers/STM32G0xx_HAL_Driver/Src/stm32g0xx_hal_cortex.o
 .debug_str     0x0008d3bf    0x86ebd ./Drivers/STM32G0xx_HAL_Driver/Src/stm32g0xx_hal_dma.o
 .debug_str     0x0008d3bf    0x86b58 ./Drivers/STM32G0xx_HAL_Driver/Src/stm32g0xx_hal_gpio.o
 .debug_str     0x0008d3bf    0x86e9c ./Drivers/STM32G0xx_HAL_Driver/Src/stm32g0xx_hal_pwr_ex.o
 .debug_str     0x0008d3bf    0x87179 ./Drivers/STM32G0xx_HAL_Driver/Src/stm32g0xx_hal_rcc.o
 .debug_str     0x0008d3bf    0x87f65 ./Drivers/STM32G0xx_HAL_Driver/Src/stm32g0xx_hal_tim.o

.comment        0x00000000       0x43
 .comment       0x00000000       0x43 ./Core/Src/gpio.o
                                 0x44 (size before relaxing)
 .comment       0x00000043       0x44 ./Core/Src/main.o
 .comment       0x00000043       0x44 ./Core/Src/stm32g0xx_hal_msp.o
 .comment       0x00000043       0x44 ./Core/Src/stm32g0xx_it.o
 .comment       0x00000043       0x44 ./Core/Src/system_stm32g0xx.o
 .comment       0x00000043       0x44 ./Core/Src/tim.o
 .comment       0x00000043       0x44 ./Core/Src/effects/color_utils.o
 .comment       0x00000043       0x44 ./Core/Src/effects/led_driver.o
 .comment       0x00000043       0x44 ./Core/Src/effects/led_effect_blink.o
 .comment       0x00000043       0x44 ./Core/Src/effects/led_effect_breathe.o
 .comment       0x00000043       0x44 ./Core/Src/effects/led_effect_chase_left.o
 .comment       0x00000043       0x44 ./Core/Src/effects/led_effect_chase_right.o
 .comment       0x00000043       0x44 ./Core/Src/effects/led_effect_config_mode.o
 .comment       0x00000043       0x44 ./Core/Src/effects/led_effect_engine.o
 .comment       0x00000043       0x44 ./Core/Src/effects/led_effect_flash_alt.o
 .comment       0x00000043       0x44 ./Core/Src/effects/led_effect_single_led.o
 .comment       0x00000043       0x44 ./Core/Src/effects/led_effect_solid.o
 .comment       0x00000043       0x44 ./Core/Src/sounds/piezo_driver.o
 .comment       0x00000043       0x44 ./Core/Src/sounds/sound_beep.o
 .comment       0x00000043       0x44 ./Core/Src/sounds/sound_config_mode.o
 .comment       0x00000043       0x44 ./Core/Src/sounds/sound_double_beep.o
 .comment       0x00000043       0x44 ./Core/Src/sounds/sound_engine.o
 .comment       0x00000043       0x44 ./Drivers/STM32G0xx_HAL_Driver/Src/stm32g0xx_hal.o
 .comment       0x00000043       0x44 ./Drivers/STM32G0xx_HAL_Driver/Src/stm32g0xx_hal_cortex.o
 .comment       0x00000043       0x44 ./Drivers/STM32G0xx_HAL_Driver/Src/stm32g0xx_hal_dma.o
 .comment       0x00000043       0x44 ./Drivers/STM32G0xx_HAL_Driver/Src/stm32g0xx_hal_gpio.o
 .comment       0x00000043       0x44 ./Drivers/STM32G0xx_HAL_Driver/Src/stm32g0xx_hal_pwr_ex.o
 .comment       0x00000043       0x44 ./Drivers/STM32G0xx_HAL_Driver/Src/stm32g0xx_hal_rcc.o
 .comment       0x00000043       0x44 ./Drivers/STM32G0xx_HAL_Driver/Src/stm32g0xx_hal_tim.o

.debug_frame    0x00000000     0x28b8
 .debug_frame   0x00000000       0x88 ./Core/Src/gpio.o
 .debug_frame   0x00000088       0x68 ./Core/Src/main.o
 .debug_frame   0x000000f0       0x30 ./Core/Src/stm32g0xx_hal_msp.o
 .debug_frame   0x00000120       0xb8 ./Core/Src/stm32g0xx_it.o
 .debug_frame   0x000001d8       0x4c ./Core/Src/system_stm32g0xx.o
 .debug_frame   0x00000224       0xb0 ./Core/Src/tim.o
 .debug_frame   0x000002d4       0x54 ./Core/Src/effects/color_utils.o
 .debug_frame   0x00000328       0xe4 ./Core/Src/effects/led_driver.o
 .debug_frame   0x0000040c       0x4c ./Core/Src/effects/led_effect_blink.o
 .debug_frame   0x00000458       0x4c ./Core/Src/effects/led_effect_breathe.o
 .debug_frame   0x000004a4       0x50 ./Core/Src/effects/led_effect_chase_left.o
 .debug_frame   0x000004f4       0x50 ./Core/Src/effects/led_effect_chase_right.o
 .debug_frame   0x00000544       0x50 ./Core/Src/effects/led_effect_config_mode.o
 .debug_frame   0x00000594       0x6c ./Core/Src/effects/led_effect_engine.o
 .debug_frame   0x00000600       0x4c ./Core/Src/effects/led_effect_flash_alt.o
 .debug_frame   0x0000064c       0x50 ./Core/Src/effects/led_effect_single_led.o
 .debug_frame   0x0000069c       0x6c ./Core/Src/effects/led_effect_solid.o
 .debug_frame   0x00000708       0x84 ./Core/Src/sounds/piezo_driver.o
 .debug_frame   0x0000078c       0x68 ./Core/Src/sounds/sound_beep.o
 .debug_frame   0x000007f4       0x64 ./Core/Src/sounds/sound_config_mode.o
 .debug_frame   0x00000858       0x68 ./Core/Src/sounds/sound_double_beep.o
 .debug_frame   0x000008c0       0x6c ./Core/Src/sounds/sound_engine.o
 .debug_frame   0x0000092c      0x3fc ./Drivers/STM32G0xx_HAL_Driver/Src/stm32g0xx_hal.o
 .debug_frame   0x00000d28      0x33c ./Drivers/STM32G0xx_HAL_Driver/Src/stm32g0xx_hal_cortex.o
 .debug_frame   0x00001064      0x1f0 ./Drivers/STM32G0xx_HAL_Driver/Src/stm32g0xx_hal_dma.o
 .debug_frame   0x00001254      0x130 ./Drivers/STM32G0xx_HAL_Driver/Src/stm32g0xx_hal_gpio.o
 .debug_frame   0x00001384      0x32c ./Drivers/STM32G0xx_HAL_Driver/Src/stm32g0xx_hal_pwr_ex.o
 .debug_frame   0x000016b0      0x214 ./Drivers/STM32G0xx_HAL_Driver/Src/stm32g0xx_hal_rcc.o
 .debug_frame   0x000018c4      0xf40 ./Drivers/STM32G0xx_HAL_Driver/Src/stm32g0xx_hal_tim.o
 .debug_frame   0x00002804       0x20 C:/ST/STM32CubeIDE_1.18.1/STM32CubeIDE/plugins/com.st.stm32cube.ide.mcu.externaltools.gnu-tools-for-stm32.13.3.rel1.win32_1.0.0.202411081344/tools/bin/../lib/gcc/arm-none-eabi/13.3.1/../../../../arm-none-eabi/lib/thumb/v6-m/nofp\libc_nano.a(libc_a-memset.o)
 .debug_frame   0x00002824       0x2c C:/ST/STM32CubeIDE_1.18.1/STM32CubeIDE/plugins/com.st.stm32cube.ide.mcu.externaltools.gnu-tools-for-stm32.13.3.rel1.win32_1.0.0.202411081344/tools/bin/../lib/gcc/arm-none-eabi/13.3.1/../../../../arm-none-eabi/lib/thumb/v6-m/nofp\libc_nano.a(libc_a-init.o)
 .debug_frame   0x00002850       0x28 C:/ST/STM32CubeIDE_1.18.1/STM32CubeIDE/plugins/com.st.stm32cube.ide.mcu.externaltools.gnu-tools-for-stm32.13.3.rel1.win32_1.0.0.202411081344/tools/bin/../lib/gcc/arm-none-eabi/13.3.1/../../../../arm-none-eabi/lib/thumb/v6-m/nofp\libc_nano.a(libc_a-memcpy-stub.o)
 .debug_frame   0x00002878       0x20 C:/ST/STM32CubeIDE_1.18.1/STM32CubeIDE/plugins/com.st.stm32cube.ide.mcu.externaltools.gnu-tools-for-stm32.13.3.rel1.win32_1.0.0.202411081344/tools/bin/../lib/gcc/arm-none-eabi/13.3.1/thumb/v6-m/nofp\libgcc.a(_udivsi3.o)
 .debug_frame   0x00002898       0x20 C:/ST/STM32CubeIDE_1.18.1/STM32CubeIDE/plugins/com.st.stm32cube.ide.mcu.externaltools.gnu-tools-for-stm32.13.3.rel1.win32_1.0.0.202411081344/tools/bin/../lib/gcc/arm-none-eabi/13.3.1/thumb/v6-m/nofp\libgcc.a(_divsi3.o)

.debug_line_str
                0x00000000       0x7a
 .debug_line_str
                0x00000000       0x7a ./Core/Startup/startup_stm32g031g8ux.o
