../Core/Src/effects/led_driver.c:53:13:encode_leds_to_pwm	32	static
../Core/Src/effects/led_driver.c:75:6:led_driver_init	8	static
../Core/Src/effects/led_driver.c:87:6:led_driver_update	8	static
../Core/Src/effects/led_driver.c:96:6:led_driver_set_led	16	static
../Core/Src/effects/led_driver.c:106:6:led_driver_set_all	32	static
../Core/Src/effects/led_driver.c:116:6:led_driver_clear	16	static
../Core/Src/effects/led_driver.c:125:6:led_driver_refresh	8	static
../Core/Src/effects/led_driver.c:133:6:HAL_TIM_PWM_PulseFinishedCallback	16	static
